=== ACTIVE ===
HTTP 200
{"ok":true,"event":{"slug":"demo-cfp-to-stage","name":"CFP to Stage Demo","timezone":"Asia/Singapore"},"embed":{"slug":"agenda","name":"Conference agenda","widgetType":"agenda","config":{"brandColor":
=== PAUSE VIA D1 ===

 ⛅️ wrangler 4.120.0 (update available 4.120.1)
───────────────────────────────────────────────
Resource location: local 

Use --remote if you want to access the remote instance.

🌀 Executing on local database conference-engine (021b5626-e4ba-44d2-bbfd-69b99d483efb) from .wrangler/state/v3/d1:
🌀 To execute on your remote database, add a --remote flag to your wrangler command.
🚣 1 command executed successfully.
[
  {
    "results": [],
    "success": true,
    "meta": {
      "duration": 1
    }
  }
]
=== PAUSED ===
HTTP 404
{"ok":false,"error":"Embed not found"}
=== LOADER PAUSED ===
HTTP 404
{"ok":false,"error":"Embed not found"}
=== RESUME ===

 ⛅️ wrangler 4.120.0 (update available 4.120.1)
───────────────────────────────────────────────
Resource location: local 

Use --remote if you want to access the remote instance.

🌀 Executing on local database conference-engine (021b5626-e4ba-44d2-bbfd-69b99d483efb) from .wrangler/state/v3/d1:
🌀 To execute on your remote database, add a --remote flag to your wrangler command.
🚣 1 command executed successfully.
[
  {
    "results": [],
    "success": true,
    "meta": {
      "duration": 0
    }
  }
]
HTTP 200
{"ok":true,"event":{"slug":"demo-cfp-to-stage","name":"CFP to Stage Demo","timezone":"Asia/Singapore"},"embed":{"slug":"agenda","name":"Conference agenda","widgetType":"agenda","config":{"brandColor":
