
 ⛅️ wrangler 4.120.0 (update available 4.120.1)
───────────────────────────────────────────────
Resource location: local 

Use --remote if you want to access the remote instance.

🌀 Executing on local database conference-engine (021b5626-e4ba-44d2-bbfd-69b99d483efb) from .wrangler/state/v3/d1:
🌀 To execute on your remote database, add a --remote flag to your wrangler command.
🚣 1 command executed successfully.
[
  {
    "results": [
      {
        "event_slug": "demo-cfp-to-stage",
        "embed_slug": "sessions",
        "status": "active"
      },
      {
        "event_slug": "demo-cfp-to-stage",
        "embed_slug": "speakers",
        "status": "active"
      },
      {
        "event_slug": "demo-cfp-to-stage",
        "embed_slug": "agenda",
        "status": "active"
      },
      {
        "event_slug": "demo-cfp-to-stage",
        "embed_slug": "itinerary",
        "status": "active"
      },
      {
        "event_slug": "demo-cfp-to-stage",
        "embed_slug": "speaker-gallery",
        "status": "active"
      }
    ],
    "success": true,
    "meta": {
      "duration": 0
    }
  }
]
